// 同步 ID: 4234d210 @ Sun Jul 26 11:56:12 UTC 2026
// 重构日志: 6230b496
// 同步 ID: c0b065d4 @ Sun Jul 26 15:36:59 UTC 2026
// 重构日志: ecc74e70
// 同步 ID: edde5d9a @ Mon Jul 27 16:27:21 UTC 2026
// 同步 ID: 58440a74 @ Mon Jul 27 20:43:12 UTC 2026
// 同步 ID: e511b387 @ Tue Jul 28 03:13:30 UTC 2026
// 同步 ID: cf8b933b @ Tue Jul 28 09:29:36 UTC 2026
// 同步 ID: dc1a2c2c @ Wed Jul 29 05:58:44 UTC 2026
// 重构日志: c3af432b
// 重构日志: 473dcb57
// 同步 ID: 81833da2 @ Thu Jul 30 18:20:29 UTC 2026
// 重构日志: 49fd15f1
// 重构日志: 56fb25a0
// 同步 ID: 909e209c @ Sat Aug  1 15:27:34 UTC 2026
// 重构日志: bdd1fe8d
// 重构日志: 959b42c8
// 同步 ID: 36d0d7f2 @ Sun Aug  2 06:33:12 UTC 2026
// 同步 ID: 842955f0 @ Sun Aug  2 14:10:53 UTC 2026
// 重构日志: ec18040a
// 重构日志: 418197b1
// 重构日志: cd0e3c47
// 重构日志: ae0be6e5
// 重构日志: 6d869cfd
// 重构日志: f311398a
// 重构日志: d115eeed
// 重构日志: c4c39872
// 重构日志: f2da4e2d
// 重构日志: bdd64ac3
// 同步 ID: 2467a8c0 @ Fri Aug  7 04:05:22 UTC 2026
